cfe00000 T _start
cfe00020 t _undefined_instruction
cfe00024 t _software_interrupt
cfe00028 t _prefetch_abort
cfe0002c t _data_abort
cfe00030 t _not_used
cfe00034 t _irq
cfe00038 t _fiq
cfe0003c t _pad
cfe00040 T _end_vect
cfe00040 t _TEXT_BASE
cfe00044 t _TEXT_PHY_BASE
cfe00048 T _armboot_start
cfe0004c T _bss_start
cfe00050 T _bss_end
cfe00054 t reset
cfe00064 t cpu_init_crit
cfe000b8 t after_copy
cfe000b8 t enable_mmu
cfe000d8 t mmu_on
cfe000f4 t skip_hw_init
cfe000f4 t stack_setup
cfe000f8 t clear_bss
cfe00104 t clbss_l
cfe00118 t _start_armboot
cfe0011c t _mmu_table_base
cfe00120 T copy_from_nand
cfe0016c t copy_failed
cfe00174 t compare_failed
cfe0017c T theLastJump
cfe00198 t phy_last_jump
cfe001c0 t undefined_instruction
cfe00220 t software_interrupt
cfe00280 t prefetch_abort
cfe002e0 t data_abort
cfe00340 t not_used
cfe003a0 t irq
cfe00400 t fiq
cfe00460 T arm1136_cache_flush
cfe00480 T mem_ctrl_asm_init
cfe0057c t check_dmc1_ready
cfe00598 T cleanDCache
cfe005a4 T cleanFlushDCache
cfe005b0 T cleanFlushCache
cfe005dc t nandll_read_page
cfe006a8 T copy_uboot_to_ram
cfe008a0 T beep
cfe008cc T movi_set_capacity
cfe008d0 T movi_set_ofs
cfe00924 T movi_bl2_copy
cfe00968 T movi_read_env
cfe0097c T movi_write_env
cfe00990 T movi_init
cfe009c0 T raise
cfe009c4 T __aeabi_ldiv0
cfe009c8 T __div0
cfe009cc t _TEXT_BASE
cfe009d0 T lowlevel_init
cfe00ab0 t wakeup_reset
cfe00adc t system_clock_init
cfe00b10 t check_syncack
cfe00bb0 t uart_asm_init
cfe00c00 t nand_asm_init
cfe00c84 t READ_TIMER
cfe00c9c T enable_interrupts
cfe00ca0 T disable_interrupts
cfe00ca8 T set_timer
cfe00cb8 T reset_timer_masked
cfe00cd8 T reset_timer
cfe00cdc T get_timer_masked
cfe00d24 T get_timer
cfe00d38 T udelay
cfe00dac T udelay_masked
cfe00e20 T get_ticks
cfe00e34 T get_tbclk
cfe00e4c T interrupt_init
cfe00ec8 T show_regs
cfe01008 T bad_mode
cfe01024 T do_irq
cfe01048 T do_fiq
cfe0106c T do_not_used
cfe01090 T do_data_abort
cfe010b4 T do_prefetch_abort
cfe010d8 T do_software_interrupt
cfe010fc T do_undefined_instruction
cfe01120 t read_p15_c1
cfe01128 t write_p15_c1
cfe01130 t cp_delay
cfe0115c T cpu_init
cfe01164 T icache_enable
cfe01180 T icache_disable
cfe0119c T icache_status
cfe011b0 T dcache_enable
cfe011cc T dcache_disable
cfe011e8 T dcache_status
cfe011fc T branch_enable
cfe01218 T branch_disable
cfe01234 T branch_status
cfe01248 T cleanup_before_linux
cfe01274 T reset_cpu
cfe012ac T do_reset
cfe012c4 T mmc_get_dev
cfe012d0 t wait_for_data_done
cfe012ec t ClearCommandCompleteStatus
cfe0131c t ClearTransferCompleteStatus
cfe01344 t ClearDMAStatus
cfe0136c t card_irq_enable
cfe01390 T hsmmc_reset
cfe013a4 T hsmmc_set_gpio
cfe013d8 t set_transfer_mode_register
cfe0140c t set_arg_register
cfe0141c t set_blkcnt_register
cfe0142c t SetSystemAddressReg
cfe0143c t set_blksize_register
cfe01458 t hsmmc_clock_onoff
cfe014a4 t set_cmd_register
cfe014fc t set_hostctl_speed
cfe0151c t wait_for_cmd_done
cfe01570 t check_dma_int
cfe01604 t issue_command
cfe016e0 t check_card_status
cfe0171c T movi_read
cfe01864 T movi_write
cfe019d0 t set_clock
cfe01a54 t clock_config
cfe01ae4 T hsmmc_init
cfe02108 T test_hsmmc
cfe02698 t mmc_bread
cfe026d0 t S3C64XX_GetBase_UART
cfe026e0 T serial_setbrg
cfe026e4 T serial_init
cfe026f4 T serial_getc
cfe02714 T serial_putc
cfe02744 T serial_tstc
cfe0275c T serial_puts
cfe02784 t get_PLLCLK
cfe027f0 T get_UCLK
cfe027f8 T get_FCLK
cfe02800 T get_PCLK
cfe02854 T get_HCLK
cfe028a8 T get_ARMCLK
cfe028d0 T print_cpuinfo
cfe029d8 T sbrk
cfe02a0c T led_init
cfe02a34 T hang
cfe02a44 t display_dram_config
cfe02a74 t display_banner
cfe02a94 t init_baudrate
cfe02af4 T start_armboot
cfe02cf0 t __fswab16
cfe02d04 t __fswab32
cfe02d24 t startAgainTimeout
cfe02d38 t startAgainHandler
cfe02d3c T NetSetHandler
cfe02d4c T NetCksum
cfe02d94 T NetCksumOk
cfe02db8 T copy_filename
cfe02e10 T string_to_VLAN
cfe02e5c T getenv_VLAN
cfe02e6c T string_to_ip
cfe02ed4 T getenv_IPaddr
cfe02ee4 T NetEthHdrSize
cfe02f28 T VLAN_to_string
cfe02f80 T ip_to_string
cfe02fc0 T print_IPaddr
cfe02fdc t NetCopyIP
cfe02fe4 T NetSetIP
cfe030e4 T NetSetEther
cfe03198 t NetReadIP
cfe031b4 t PingHandler
cfe031dc t NetWriteIP
cfe031f8 T NetSendPacket
cfe031fc T ArpRequest
cfe032e8 T NetReceive
cfe037b8 T PingSend
cfe038f4 T NetSetTimeout
cfe03924 T NetSendUDPPacket
cfe03a60 T NetStartAgain
cfe03adc T ArpTimeoutCheck
cfe03b50 t PingTimeout
cfe03b6c T NetLoop
cfe03f58 t __fswab16
cfe03f6c t TftpSend
cfe040cc T TftpStart
cfe042c0 t TftpTimeout
cfe0431c t TftpHandler
cfe04554 t __fswab16
cfe04568 t __fswab32
cfe04588 t truncate_sz
cfe045bc t NetWriteIP
cfe045d8 t NetCopyIP
cfe045e0 t NetReadLong
cfe045fc T BootpRequest
cfe04800 t BootpHandler
cfe04b30 t BootpTimeout
cfe04b78 T RarpRequest
cfe04c80 t RarpHandler
cfe04cdc t RarpTimeout
cfe04d24 T eth_initialize
cfe04d2c t __fswab32
cfe04d4c t NfsTimeout
cfe04d70 t basename
cfe04dac t dirname
cfe04dc8 t rpc_add_credentials
cfe04ea0 t rpc_lookup_reply
cfe04f40 t nfs_mount_reply
cfe04fdc t nfs_umountall_reply
cfe0505c t nfs_lookup_reply
cfe050f0 t rpc_req
cfe051fc t rpc_lookup_req
cfe05260 t nfs_mount_req
cfe052f0 t nfs_umountall_req
cfe05348 t nfs_lookup_req
cfe053ec t nfs_read_req
cfe0546c t nfs_readlink_req
cfe054c4 t NfsSend
cfe05558 T NfsStart
cfe0578c t nfs_readlink_reply
cfe05884 t nfs_read_reply
cfe059c8 t NfsHandler
cfe05bb0 t iow
cfe05bcc t ior
cfe05bec t move8
cfe05c38 t move16
cfe05c94 t move32
cfe05cf0 t GetDM9000ID
cfe05d50 T eth_send
cfe05dc0 T eth_rx
cfe05e80 t phy_write
cfe05ed8 T eth_halt
cfe05f10 t dmfe_init_dm9000
cfe0609c T eth_init
cfe06220 T DM9000_get_enetaddr
cfe062a4 T nand_init
cfe06340 t generic_ffs
cfe06398 t nand_release_device
cfe063b0 t nand_read_byte
cfe063c0 t nand_read_byte16
cfe063d4 t nand_read_word
cfe063e4 t nand_write_buf
cfe06418 t nand_read_buf
cfe06440 t nand_verify_buf
cfe06488 t nand_write_buf16
cfe064c0 t nand_read_buf16
cfe064f8 t nand_verify_buf16
cfe06544 t nand_block_bad
cfe06660 t nand_check_wp
cfe0669c T nand_wait_ready
cfe066b0 t nand_read_page_raw
cfe066e8 t nand_read_page_swecc
cfe06800 t nand_read_page_hwecc
cfe06930 t nand_read_page_syndrome
cfe06a54 t nand_read_oob_std
cfe06a98 t nand_read_oob_syndrome
cfe06ba8 t nand_write_oob_std
cfe06c18 t nand_write_oob_syndrome
cfe06dd0 t nand_write_page_raw
cfe06e04 t nand_write_page_swecc
cfe06ea8 t nand_write_page_hwecc
cfe06f74 t nand_write_page_syndrome
cfe07064 t single_erase_cmd
cfe070a0 t multi_erase_cmd
cfe0712c t nand_sync
cfe07130 t nand_suspend
cfe07138 T nand_release
cfe07160 t nand_resume
cfe07180 T nand_scan_ident
cfe076fc T nand_scan_tail
cfe07be0 T nand_scan
cfe07c00 t nand_select_chip
cfe07c5c t nand_block_isbad
cfe07cbc t nand_block_markbad
cfe07cf8 t nand_fill_oob
cfe07e0c t nand_do_write_oob
cfe07f14 t nand_do_write_ops
cfe08234 t nand_write_oob
cfe082e4 t nand_write
cfe0837c t nand_transfer_oob
cfe08490 t nand_command
cfe0864c t nand_command_lp
cfe08894 t nand_do_read_ops
cfe08c50 t nand_read_oob
cfe08e14 T nand_read
cfe08eac t nand_write_page
cfe08f88 t nand_default_block_markbad
cfe09060 T nand_erase_nand
cfe09324 t nand_erase
cfe0932c t nand_wait
cfe09400 T nand_calculate_ecc
cfe094f8 T nand_correct_data
cfe09624 t check_pattern
cfe096dc t scan_read_raw
cfe09728 t search_bbt
cfe098c0 T nand_isbad_bbt
cfe09910 t create_bbt
cfe09c18 t read_bbt
cfe09e20 t read_abs_bbt
cfe09eec t write_bbt
cfe0a528 T nand_update_bbt
cfe0a680 t mark_bbt_region
cfe0a7ec T nand_scan_bbt
cfe0ac60 T nand_default_bbt
cfe0ad24 T run_command
cfe0b15c t cread_add_char
cfe0b24c t cread_add_str
cfe0b29c T readline
cfe0b934 t ExecuteCmd
cfe0b93c T arm_sdfuse
cfe0ba94 T lcd_size_config
cfe0bbe4 T arm_USBfuse
cfe0bd00 T NAND_ARMMenu
cfe0be08 T main_loop
cfe0bf2c t print_num
cfe0bf40 T do_bdinfo
cfe0c014 T do_go
cfe0c094 t __fswab32
cfe0c0b4 t do_imls
cfe0c0bc T gunzip
cfe0c214 t zfree
cfe0c21c t zalloc
cfe0c22c T print_image_hdr
cfe0c628 T do_bootm
cfe0cc60 t on_off
cfe0cc9c T do_branch
cfe0cd20 T do_dcache
cfe0cda4 T do_icache
cfe0ce28 t cnvrt2
cfe0ce6c T mk_date
cfe0d03c T do_date
cfe0d150 T valid_elf_image
cfe0d1c4 T load_elf_image
cfe0d2cc T do_bootvx
cfe0d448 T do_bootelf
cfe0d4ec T get_dev
cfe0d4f4 T do_fat_fsinfo
cfe0d538 T do_fat_ls
cfe0d57c T do_fat_fsload
cfe0d5bc t flash_fill_sect_ranges
cfe0d5cc T flash_sect_protect
cfe0d660 T flash_sect_erase
cfe0d6d0 t addr_spec
cfe0d78c T do_flinfo
cfe0d7c4 t abbrev_spec
cfe0d7fc T do_protect
cfe0d9c8 T do_flerase
cfe0db14 t evalstr
cfe0db30 t evalexp
cfe0db7c T binary_test
cfe0dd5c T do_itest
cfe0de04 T ktrans
cfe0de24 T chk1
cfe0de54 t bin_data_init
cfe0de70 t bin_data_char
cfe0dea0 T k_data_init
cfe0dec0 T k_data_save
cfe0dee8 T k_data_restore
cfe0df10 T k_data_char
cfe0df60 T send_pad
cfe0df90 T s1_sendpacket
cfe0dfbc T handle_send_packet
cfe0e180 T send_nack
cfe0e1e0 T send_ack
cfe0e240 t load_serial_ymodem
cfe0e380 t getcxmodem
cfe0e3a0 T do_load_serial_bin
cfe0e804 t load_serial
cfe0ea30 T do_load_serial
cfe0eb10 T do_mem_base
cfe0eb54 T do_mem_crc
cfe0ec0c T do_mem_mtest
cfe0ed38 T cmd_get_data_size
cfe0edb0 T do_mem_loop
cfe0eeb4 T do_mem_cp
cfe0efe4 T do_mem_cmp
cfe0f188 T do_mem_mw
cfe0f25c t mod_mem
cfe0f3b8 T do_mem_nm
cfe0f3d8 T do_mem_mm
cfe0f3f8 T do_mem_md
cfe0f5d4 T do_sleep
cfe0f664 t __fswab32
cfe0f684 t nand_read
cfe0f6ac t nand_write
cfe0f6d4 t str2long
cfe0f710 t arg_off_size
cfe0f7ec T do_nandboot
cfe0fa20 T do_nand
cfe108d4 T do_ping
cfe1095c t netboot_common
cfe10c18 T do_nfs
cfe10c24 T do_rarpb
cfe10c30 T do_tftpb
cfe10c3c T do_bootp
cfe10c48 t envmatch
cfe10cb8 T getenv_r
cfe10d78 T do_saveenv
cfe10da4 T getenv
cfe10e20 T _do_setenv
cfe112b8 T do_setenv
cfe112f8 T setenv
cfe1132c T do_printenv
cfe114d0 T usb_get_class_desc
cfe11578 T usb_display_ep_desc
cfe1164c T usb_display_class_sub
cfe117c0 T usb_show_tree_graph
cfe119d8 T usb_show_tree
cfe11a0c T usb_display_desc
cfe11b3c T usb_display_string
cfe11b74 T usb_display_if_desc
cfe11bfc T usb_display_conf_desc
cfe11ca8 T usb_display_config
cfe11d38 T do_usb
cfe11f14 T find_cmd
cfe11fa8 T do_echo
cfe12028 T do_help
cfe121d4 T do_version
cfe121f4 T do_exit
cfe12224 T do_test
cfe126a0 t console_setfile
cfe12740 T fgetc
cfe12768 T ftstc
cfe12790 T fputc
cfe127bc T fputs
cfe127e8 T disable_ctrlc
cfe12800 T had_ctrlc
cfe12810 T clear_ctrlc
cfe12824 T dbg
cfe12830 T console_init_f
cfe12840 T console_assign
cfe128d0 T fprintf
cfe12918 T puts
cfe12934 T vprintf
cfe12960 T printf
cfe129a0 T console_init_r
cfe12b44 T serial_printf
cfe12b84 T putc
cfe12ba0 T tstc
cfe12bb8 T getc
cfe12bd0 T ctrlc
cfe12c20 T devices_done
cfe12c3c T device_register
cfe12c60 T devices_init
cfe12d24 T malloc_bin_reloc
cfe12d5c T malloc_usable_size
cfe12da0 T mallopt
cfe12e18 T malloc_trim
cfe12ee4 T free
cfe13110 T cfree
cfe13114 T malloc
cfe136f4 T memalign
cfe13804 T pvalloc
cfe1381c T valloc
cfe13828 T calloc
cfe13908 T realloc
cfe13d84 T env_get_char_memory
cfe13da4 T env_get_addr
cfe13dc4 t env_get_char_init
cfe13dfc T env_crc_update
cfe13e28 T env_relocate
cfe13ea8 T env_get_char_spec
cfe13eb4 T env_init
cfe13ed0 T saveenv
cfe13f90 t use_default
cfe14010 T env_relocate_spec
cfe14098 t dummy
cfe1409c T get_version
cfe140a4 T jumptable_init
cfe1415c T flash_protect
cfe14258 T addr2info
cfe14260 T flash_write
cfe14270 T flash_perror
cfe14350 t b_reset
cfe1436c T simple_itoa
cfe143c0 t static_get
cfe143dc t static_peek
cfe143e8 t file_peek
cfe143f4 t setup_string_in_str
cfe14420 t indenter
cfe14430 t is_assignment
cfe1448c T mapset
cfe144b8 T u_boot_hush_start
cfe14540 t file_get
cfe14710 t syntax_err
cfe1471c t xmalloc
cfe1473c T new_pipe
cfe14764 t free_pipe_list
cfe14850 t b_free
cfe14874 t xrealloc
cfe14894 t done_command
cfe1491c t initialize_context
cfe14954 t done_pipe
cfe149a4 t b_addchr
cfe14a20 t b_addqchr
cfe14a6c T reserved_word
cfe14ba4 t done_word
cfe14d28 t insert_var_value
cfe14ed8 t set_local_var
cfe15088 T update_ifs_map
cfe150f8 t parse_stream_outer
cfe156d8 T parse_file_outer
cfe1571c T parse_string_outer
cfe157e4 t run_list_real
cfe15f90 t lcd_putc_xy
cfe16010 T lcd_disable
cfe16028 T lcd_enable
cfe16040 T lcd_panel_disable
cfe16058 t lcd_clear
cfe16078 T lcd_setmem
cfe160bc T calc_fbsize
cfe160e0 T lcd_setcolreg
cfe160e4 T lcd_ctrl_init
cfe16308 T drv_lcd_init
cfe166a4 t console_newline
cfe16748 T lcd_putc
cfe16878 T lcd_puts
cfe168b8 T GetHandleSize
cfe168c0 T ListSetAllocationPolicy
cfe168d4 T ListGetPtrToItem
cfe1690c T ListGetDataPtr
cfe16918 T ListGetItemSize
cfe16924 T ListNumItems
cfe16930 T ListGetItems
cfe16978 T SetHandleSize
cfe169f4 T ListInsertItems
cfe16bc4 T ListInsertItem
cfe16bcc T DisposeHandle
cfe16bec T ListDispose
cfe16bf0 T NewHandle
cfe16c4c T ListCreate
cfe16cac t hex1_bin
cfe16ce4 t hex2_bin
cfe16d18 T srec_decode
cfe16f88 T usb_disable_asynch
cfe16fa0 T usb_maxpacket
cfe16fc4 T usb_set_maxpacket
cfe170d0 T usb_get_dev_index
cfe17100 T usb_hub_reset
cfe17114 T usb_hub_allocate
cfe1715c T usb_alloc_new_device
cfe171f8 T usb_parse_config
cfe1738c T usb_submit_int_msg
cfe17390 T usb_stop
cfe173c0 T wait_ms
cfe173e4 T usb_bulk_msg
cfe17448 T usb_control_msg
cfe17548 T usb_get_port_status
cfe175a8 T usb_get_hub_status
cfe175fc T usb_set_port_feature
cfe1765c T usb_clear_port_feature
cfe176bc T usb_clear_hub_feature
cfe17710 T usb_get_hub_descriptor
cfe1776c T usb_get_string
cfe177f8 t usb_string_sub
cfe178fc T usb_string
cfe179fc T usb_get_class_descriptor
cfe17a6c T usb_get_report
cfe17adc T usb_set_idle
cfe17b40 T usb_set_protocol
cfe17ba0 T usb_set_configuration
cfe17c08 T usb_set_interface
cfe17cd4 T usb_set_address
cfe17d18 T usb_get_descriptor
cfe17d84 T usb_get_configuration_no
cfe17e2c T usb_clear_halt
cfe17ee0 t usb_hub_power_on
cfe17f24 T usb_hub_port_connect_change
cfe18080 T usb_hub_configure
cfe182c0 T usb_hub_probe
cfe18320 T usb_new_device
cfe185b0 T usb_scan_devices
cfe18614 T usb_init
cfe18690 T parse_num
cfe187b8 T xyzModem_error
cfe18854 T xyzModem_stream_close
cfe188a0 T CYGACC_COMM_IF_PUTC
cfe188a8 T CYGACC_COMM_IF_GETC_TIMEOUT
cfe188fc t xyzModem_flush
cfe18924 T xyzModem_stream_terminate
cfe189f8 t xyzModem_get_hdr
cfe18c7c T xyzModem_stream_read
cfe18f08 T xyzModem_stream_open
cfe19068 T do_usbd_dnw
cfe1917c T do_movi
cfe19530 T cyg_crc16
cfe19578 T crc32
cfe1968c T crc32_no_comp
cfe19798 T print_size
cfe19838 T display_options
cfe19858 T strcpy
cfe19874 T strncpy
cfe1989c T strcat
cfe198d0 T strncat
cfe19934 T strcmp
cfe1996c T strncmp
cfe199bc T strchr
cfe199e8 T strlen
cfe19a08 T strrchr
cfe19a40 T strnlen
cfe19a68 T strspn
cfe19aac T strpbrk
cfe19aec T strtok
cfe19b6c T strsep
cfe19ba0 T strswab
cfe19bec T memset
cfe19c0c T bcopy
cfe19c38 T memcpy
cfe19c5c T memmove
cfe19cb8 T memcmp
cfe19cf8 T memscan
cfe19d28 T strstr
cfe19d8c T memchr
cfe19dbc T strdup
cfe19df0 T simple_strtoul
cfe19ea8 T simple_strtol
cfe19ed0 t skip_atoi
cfe19f08 t number
cfe1a174 T panic
cfe1a1c4 T vsprintf
cfe1a5c8 T sprintf
cfe1a5f0 t falloc
cfe1a614 t ffree
cfe1a618 t inflate_trees_free
cfe1a64c t huft_build
cfe1ac14 t inflate_trees_fixed
cfe1ae10 t inflate_codes_new
cfe1ae60 t inflate_codes_free
cfe1ae80 t inflate_blocks_reset
cfe1af48 T inflateEnd
cfe1afe0 T inflateReset
cfe1b040 T inflateSync
cfe1b140 T inflateInit2
cfe1b284 T inflateInit
cfe1b28c T adler32
cfe1b404 T inflateIncomp
cfe1b530 t inflate_flush
cfe1b6a4 T inflate
cfe1d384 T board_init
cfe1d3d4 T dram_init
cfe1d3f4 T virt_to_phy_smdk6410
cfe1d424 T checkboard
cfe1d43c T board_late_init
cfe1d4d4 t write_hword
cfe1d5cc T write_buff
cfe1d740 T flash_print_info
cfe1d854 T flash_erase
cfe1da58 T flash_init
cfe1daa4 t IsACK
cfe1dabc t ReadWriteByte
cfe1dad4 t WaitForXfer
cfe1db20 t i2c_transfer
cfe1de0c T i2c_write
cfe1de9c T vga_init
cfe1df04 T i2c_read
cfe1df9c T i2c_probe
cfe1dfd8 T i2c_init
cfe1e0ac t td_alloc
cfe1e0ec t urb_free_priv
cfe1e124 T rh_check_port_status
cfe1e12c T submit_common_msg
cfe1e134 T submit_bulk_msg
cfe1e13c T submit_control_msg
cfe1e144 T submit_int_msg
cfe1e14c T usb_lowlevel_init
cfe1e154 T usb_lowlevel_stop
cfe1e15c t td_fill
cfe1e210 T sohci_submit_job
cfe1e79c t s3c_nand_hwcontrol
cfe1e814 t s3c_nand_device_ready
cfe1e830 t s3c_nand_wait_enc
cfe1e848 t s3c_nand_wait_dec
cfe1e860 t s3c_nand_enable_hwecc
cfe1e8c4 t s3c_nand_calculate_ecc
cfe1e978 T s3c_nand_enable_hwecc_8bit
cfe1e9c8 T s3c_nand_calculate_ecc_8bit
cfe1ea7c T s3c_nand_write_page_8bit
cfe1eb34 t s3c_nand_write_oob_1bit
cfe1ec14 t s3c_nand_read_oob_1bit
cfe1ecd8 t s3c_nand_write_page_1bit
cfe1ee40 t s3c_nand_read_page_1bit
cfe1efe0 t s3c_nand_read_page_4bit
cfe1f0f4 t s3c_nand_write_page_4bit
cfe1f1c0 T board_nand_init
cfe1f560 t s3c_nand_correct_data
cfe1f75c T s3c_nand_correct_data_8bit
cfe1f8e4 T s3c_nand_read_page_8bit
cfe1f9e4 t s3c_nand_scan_bbt
cfe1f9e8 T s3c_usb_core_soft_reset
cfe1fa08 T s3c_usb_init_core
cfe1fa24 T s3c_usb_check_current_mode
cfe1fa38 T s3c_usb_set_soft_disconnect
cfe1fa4c T s3c_usb_clear_soft_disconnect
cfe1fa60 T s3c_usb_init_device
cfe1faa0 T s3c_usbc_activate
cfe1faa8 T s3c_usb_stop
cfe1fab0 T s3c_usb_set_inep_xfersize
cfe1fadc T s3c_usb_set_outep_xfersize
cfe1fb0c T s3c_usb_write_ep0_fifo
cfe1fb64 T s3c_usb_write_in_fifo
cfe1fbbc T s3c_usb_read_out_fifo
cfe1fc10 T s3c_usb_get_desc
cfe1fde0 T s3c_usb_clear_feature
cfe1fe5c T s3c_usb_set_feature
cfe1ffbc T s3c_usb_get_status
cfe20064 T s3c_usb_ep0_int_hndlr
cfe2027c T s3c_usb_set_otherspeed_conf_desc
cfe2039c T s3c_usb_transfer_ep0
cfe21060 T s3c_usb_int_bulkin
cfe2122c T s3c_usb_upload_start
cfe21458 T s3c_usb_download_start
cfe21664 T s3c_usb_dma_in_done
cfe21774 T s3c_usb_set_all_outep_nak
cfe2179c T s3c_usb_clear_all_outep_nak
cfe217c4 T s3c_usb_set_max_pktsize
cfe21874 T s3c_usb_set_endpoint
cfe218c8 T s3c_usb_set_descriptors
cfe21a64 T s3c_usb_check_speed
cfe21a7c T s3c_usb_clear_dnfile_info
cfe21abc T s3c_usb_clear_upfile_info
cfe21afc T s3c_usb_check_setconf
cfe21b2c T s3c_usb_set_opmode
cfe21bfc T s3c_usb_reset
cfe21c64 T s3c_usb_set_init
cfe21cc0 T s3c_usb_verify_checksum
cfe21d88 T s3c_usb_download_continue
cfe21f18 T s3c_usb_int_bulkout
cfe21f68 T s3c_usb_pkt_receive
cfe21fe8 T s3c_usb_print_pkt
cfe22034 T s3c_usb_dma_out_done
cfe22150 T s3c_usb_transfer
cfe22274 T s3c_udc_int_hndlr
cfe22310 T s3c_usb_wait_cable_insert
cfe2235c T s3c_usb_init_phy
cfe22394 T s3c_usbctl_init
cfe22458 t __fswab32
cfe22478 T do_bootm_linux
cfe228a8 T flush_cache
cfe228ac T GregorianDay
cfe229a0 T to_tm
cfe22ab0 T mktime
cfe22b44 t SetRTC_Access
cfe22b80 t bcd2bin
cfe22b94 t bin2bcd
cfe22bc8 T rtc_get
cfe22ccc T rtc_set
cfe22d6c T rtc_reset
cfe22d94 t nand_block_bad_scrub
cfe22d9c T nand_lock
cfe22df0 T nand_unlock
cfe22f00 T nand_get_lock_status
cfe22f8c T nand_read_opts
cfe23348 T nand_write_opts
cfe238b4 T nand_erase_opts
cfe23c20 T lcd_ctrl_init_8_10
cfe23e44 T lcd_ctrl_init_35
cfe24064 T lcd_ctrl_init_50
cfe2428c T lcd_ctrl_init_56
cfe244b0 T lcd_ctrl_init_70
cfe246d8 T lcd_ctrl_init_vga800
cfe248fc T __div64_32
cfe249f0 T __aeabi_uidiv
cfe249f0 T __udivsi3
cfe249f0 t .udivsi3_nodiv0
cfe24ae4 T __aeabi_uidivmod
cfe24b04 T __aeabi_idiv
cfe24b04 T __divsi3
cfe24b0c t .divsi3_nodiv0
cfe24c2c T __aeabi_idivmod
cfe24c4c T __aeabi_lasr
cfe24c4c T __ashrdi3
cfe24c68 T __aeabi_llsl
cfe24c68 T __ashldi3
cfe24c84 W __aeabi_idiv0
cfe24ea8 r C.8.2231
cfe24f28 r C.43.3271
cfe24f38 R version_string
cfe24f72 r default_nand_name
cfe24f77 r __FUNCTION__.4038
cfe24f86 r __FUNCTION__.2572
cfe24f97 r __FUNCTION__.3561
cfe24fa5 r __FUNCTION__.3076
cfe24fb7 r C.19.2730
cfe24fb9 r nand_ecc_precalc_table
cfe250bc r C.10.1950
cfe251dc r baudrate_table
cfe251f0 r video_fontdata
cfe261f0 r crc16_tab
cfe263f0 r crc_table
cfe267f0 r border
cfe2683c r inflate_mask
cfe26880 R config_full
cfe26889 R config_full_total
cfe268a9 R config_high
cfe268b2 R config_high_total
cfe268d2 R qualifier_desc
cfe268dc R string_desc0
cfe268e0 R string_desc1
cfe268f6 R string_desc2
cfe26924 r C.7.1894
cfe2d458 D init_sequence
cfe2d48c D NetOurVLAN
cfe2d48e D NetBcastAddr
cfe2d494 D NetOurNativeVLAN
cfe2d498 d nfs_offset
cfe2d49c D nand_curr_device
cfe2d4a0 d nand_oob_8
cfe2d5f0 d nand_oob_16
cfe2d740 d nand_oob_64
cfe2d890 d nand_oob_128
cfe2d9e0 D nand_flash_ids
cfe2dfc8 D nand_manuf_ids
cfe2e008 d bbt_main_descr
cfe2e02c d bbt_mirror_descr
cfe2e050 d agand_flashbased
cfe2e074 d smallpage_flashbased
cfe2e098 d largepage_flashbased
cfe2e0bc d smallpage_memorybased
cfe2e0e0 d largepage_memorybased
cfe2e104 d bbt_pattern
cfe2e108 d mirror_pattern
cfe2e10c d scan_agand_pattern
cfe2e112 d scan_ff_pattern
cfe2e114 d hist_cur
cfe2e118 D load_addr
cfe2e11c D weekdays
cfe2e138 D op_table
cfe2e1a0 d do_echo
cfe2e1a4 D dp_last_length
cfe2e1a8 D stdio_names
cfe2e1b4 d av_
cfe2e5bc d trim_threshold
cfe2e5c0 d mmap_threshold
cfe2e5c4 d sbrk_base
cfe2e5c8 D default_environment
cfe2e6f0 D env_get_char
cfe2e6f4 D default_environment_size
cfe2e6f8 D env_name_spec
cfe2e6fc d blanks.2356
cfe2e724 d reserved_list
cfe2e7a8 D panel_info
cfe2e7b2 D _ctype
cfe2e8b4 d fixed_left
cfe2e8b8 d cplens
cfe2e934 d cplext
cfe2e9b0 d cpdist
cfe2ea28 d cpdext
cfe2eaa0 D zlib_version
cfe2eaa4 D z_errmsg
cfe2eac4 d CH7026_REGS_VGA_800
cfe2ec24 D CH7026_REGS_VGA_640
cfe2ed9c D CH7026_REGS_TV
cfe2eedc d s3c_nand_oob_64
cfe2f02c d s3c_nand_oob_16
cfe2f17c d s3c_nand_oob_mlc_64
cfe2f2cc d s3c_nand_oob_mlc_128_8bit
cfe2f41c d s3c_nand_oob_mlc_232_8bit
cfe2f56c D test_pkt
cfe2f5a4 d month_days
cfe2f5d4 d autoplace_oobinfo
cfe2f724 d jffs2_oobinfo
cfe2f874 d yaffs_oobinfo
cfe2f9c4 A __u_boot_cmd_start
cfe2f9c4 D __u_boot_cmd_bdinfo
cfe2f9dc D __u_boot_cmd_go
cfe2f9f4 D __u_boot_cmd_reset
cfe2fa0c D __u_boot_cmd_bootm
cfe2fa24 D __u_boot_cmd_imls
cfe2fa3c D __u_boot_cmd_icache
cfe2fa54 D __u_boot_cmd_dcache
cfe2fa6c D __u_boot_cmd_branch
cfe2fa84 D __u_boot_cmd_date
cfe2fa9c D __u_boot_cmd_bootelf
cfe2fab4 D __u_boot_cmd_bootvx
cfe2facc D __u_boot_cmd_fatload
cfe2fae4 D __u_boot_cmd_fatls
cfe2fafc D __u_boot_cmd_fatinfo
cfe2fb14 D __u_boot_cmd_flinfo
cfe2fb2c D __u_boot_cmd_erase
cfe2fb44 D __u_boot_cmd_protect
cfe2fb5c D __u_boot_cmd_itest
cfe2fb74 D __u_boot_cmd_loads
cfe2fb8c D __u_boot_cmd_loadb
cfe2fba4 D __u_boot_cmd_loady
cfe2fbbc D __u_boot_cmd_md
cfe2fbd4 D __u_boot_cmd_mm
cfe2fbec D __u_boot_cmd_nm
cfe2fc04 D __u_boot_cmd_mw
cfe2fc1c D __u_boot_cmd_cp
cfe2fc34 D __u_boot_cmd_cmp
cfe2fc4c D __u_boot_cmd_crc32
cfe2fc64 D __u_boot_cmd_base
cfe2fc7c D __u_boot_cmd_loop
cfe2fc94 D __u_boot_cmd_mtest
cfe2fcac D __u_boot_cmd_sleep
cfe2fcc4 D __u_boot_cmd_nand
cfe2fcdc D __u_boot_cmd_nboot
cfe2fcf4 D __u_boot_cmd_bootp
cfe2fd0c D __u_boot_cmd_tftpboot
cfe2fd24 D __u_boot_cmd_rarpboot
cfe2fd3c D __u_boot_cmd_nfs
cfe2fd54 D __u_boot_cmd_ping
cfe2fd6c D __u_boot_cmd_printenv
cfe2fd84 D __u_boot_cmd_setenv
cfe2fd9c D __u_boot_cmd_saveenv
cfe2fdb4 D __u_boot_cmd_usb
cfe2fdcc D __u_boot_cmd_version
cfe2fde4 D __u_boot_cmd_echo
cfe2fdfc D __u_boot_cmd_test
cfe2fe14 D __u_boot_cmd_exit
cfe2fe2c D __u_boot_cmd_help
cfe2fe44 D __u_boot_cmd_question_mark
cfe2fe5c D __u_boot_cmd_cls
cfe2fe74 D __u_boot_cmd_dnw
cfe2fe8c D __u_boot_cmd_movi
cfe2fea4 A __u_boot_cmd_end
cfe30000 R mmu_table
cfe34000 A __bss_start
cfe34000 B movi_hc
cfe34004 b timestamp
cfe34008 b lastdec
cfe3400c B timer_load_val
cfe34010 b mmc_dev
cfe34074 b HS_DMA_END
cfe34078 b rca
cfe3407c b wt_cnt_HSMMC
cfe34080 b BlockNum_HSMMC
cfe34084 b WriteBlockCnt_INT
cfe34088 b BufferBoundary_INT_Cnt
cfe3408c b CompareCnt_INT
cfe34090 b Compare_buffer_HSMMC
cfe34094 b HCLK
cfe34098 B card_type
cfe3409c b Tx_buffer_HSMMC
cfe340a0 b COMPARE_INT_DONE
cfe340a4 b rd_cnt_HSMMC
cfe340a8 b ReadBlockCnt_INT
cfe340ac b Rx_buffer_HSMMC
cfe340b0 b mem_malloc_brk
cfe340b4 b mem_malloc_start
cfe340b8 b mem_malloc_end
cfe340bc B monitor_flash_len
cfe340c0 B NetState
cfe340c4 b packetHandler
cfe340c8 B NetIPID
cfe340cc B NetOurIP
cfe340d0 B NetOurEther
cfe340d8 B NetPingIP
cfe340dc B NetTxPacket
cfe340e0 B NetArpWaitPacketIP
cfe340e4 B NetOurSubnetMask
cfe340e8 B NetOurGatewayIP
cfe340ec B NetArpWaitReplyIP
cfe340f0 B NetRxPkt
cfe340f4 B NetRxPktLen
cfe340f8 B NetArpWaitPacketMAC
cfe340fc B NetArpWaitTxPacket
cfe34100 B NetArpWaitTxPacketSize
cfe34104 B NetServerIP
cfe34108 B NetServerEther
cfe3410e b mac.2519
cfe34114 B NetEtherNullAddr
cfe3411a b PingSeqNo
cfe3411c B NetArpWaitTry
cfe34120 B NetArpWaitTimerStart
cfe34124 b timeHandler
cfe34128 b timeStart
cfe3412c b timeDelta
cfe34130 B PktBuf
cfe35f50 B NetRxPackets
cfe35f60 B NetArpWaitPacketBuf
cfe36580 B NetBootFileXferSize
cfe36584 B NetOurDNSIP
cfe36588 B NetOurNISDomain
cfe365a8 B NetOurHostName
cfe365c8 B NetOurRootPath
cfe36608 B NetBootFileSize
cfe3660a B BootFile
cfe3668c b TftpState
cfe36690 b tftp_filename
cfe36694 b TftpBlock
cfe36698 b TftpServerPort
cfe3669c b TftpOurPort
cfe366a0 b default_filename
cfe366b0 b TftpTimeoutCount
cfe366b4 b TftpBlockWrap
cfe366b8 b TftpBlockWrapOffset
cfe366bc b TftpLastBlock
cfe366c0 B BootpTry
cfe366c4 B BootpID
cfe366c8 B RarpTry
cfe366cc b rpc_id
cfe366d0 b NfsSrvMountPort
cfe366d4 b NfsSrvNfsPort
cfe366d8 b fs_mounted
cfe366dc b dirfh
cfe366fc b filefh
cfe3671c b NfsServerIP
cfe36720 b NfsOurPort
cfe36724 b NfsState
cfe36728 b nfs_path
cfe3672c b nfs_filename
cfe36730 b nfs_len
cfe36734 b NfsDownloadState
cfe36738 b nfs_path_buff
cfe36f38 b default_filename
cfe36f78 b NfsTimeoutCount
cfe36f7c B MoveData
cfe36f80 B nand_info
cfe37034 b nand_chip
cfe37138 b initted.2195
cfe3713c b hist_max
cfe37140 b hist_add_idx
cfe37144 B hist_num
cfe37148 B hist_lines
cfe38548 B hist_list
cfe38598 B console_buffer
cfe38698 B header
cfe386d8 b os_data_state
cfe386dc B os_data_count
cfe386e0 b os_data_addr
cfe386e4 b bin_start_address
cfe386e8 b k_data_escape
cfe386ec B os_data_init
cfe386f0 b k_data_escape_saved
cfe386f4 b os_data_state_saved
cfe386f8 b os_data_count_saved
cfe386fc b os_data_addr_saved
cfe38700 B os_data_char
cfe38704 B his_quote
cfe38708 B his_pad_count
cfe3870c B his_pad_char
cfe3870d B his_eol
cfe38710 B send_ptr
cfe38714 B send_parms
cfe38728 b a_b
cfe38740 B os_data_header
cfe38760 b base_address
cfe38764 B mm_last_addr
cfe38768 B mm_last_size
cfe3876c B dp_last_addr
cfe38770 B dp_last_size
cfe38774 b ctrlc_disabled
cfe38778 b ctrlc_was_pressed
cfe3877c B devlist
cfe38780 B stdio_devices
cfe3878c b top_pad
cfe38790 b n_mmaps_max
cfe38794 b current_mallinfo
cfe387bc b max_sbrked_mem
cfe387c0 b max_total_mem
cfe387c4 B env_ptr
cfe387c8 b local.2147
cfe387de b map
cfe388e0 b top_vars
cfe388e4 b flag_repeat
cfe388e8 b do_repeat
cfe388ec b the_command.2174
cfe389ec b buf.2614
cfe38a14 B last_return_code
cfe38a18 b ifs
cfe38a1c B nesting_level
cfe38a20 B osd_frame_buffer
cfe38a24 B lcd_line_length
cfe38a28 B lcd_color_fg
cfe38a2c B lcd_color_bg
cfe38a30 B lcd_console_address
cfe38a34 B lcd_base
cfe38a38 B console_col
cfe38a3a B console_row
cfe38a3c b lcd_size_in_env
cfe38a40 B lcd_is_enabled
cfe38a44 b asynch_allowed
cfe38a48 b usb_dev
cfe452c8 b usb_hub_index
cfe452cc b hub_dev
cfe453cc b dev_index
cfe453d0 B usb_started
cfe453d1 b setup_packet
cfe453dc b running
cfe453e0 b xyz
cfe4581c B ofsinfo
cfe45834 B ___strtok
cfe45838 b fixed_mem
cfe468c8 b fixed_lock
cfe468cc b fixed_built
cfe468d0 b fixed_bl
cfe468d4 b fixed_tl
cfe468d8 b fixed_bd
cfe468dc b fixed_td
cfe468e0 B flash_info
cfe46900 B ptd
cfe46904 b gohci
cfe469d0 B ohci_dev
cfe46b60 B urb_priv
cfe46c40 B gtd
cfe47d00 B ghcca
cfe47e00 B phcca
cfe47e04 B got_rhsc
cfe47e08 B devgone
cfe47f00 B boot_nand
cfe47f04 B cur_ecc_mode
cfe47f08 B nand_type
cfe47f0c B otg
cfe47f90 B remode_wakeup
cfe47f94 B get_status
cfe47f9a B config_value
cfe47f9c B get_intf
cfe47fa0 B s3c_usbd_dn_addr
cfe47fa4 B op_mode
cfe47fa8 B dn_filesize
cfe47fac B s3c_receive_done
cfe47fb0 B speed
cfe47fb4 B s3c_got_header
cfe47fb8 B DNW
cfe47fbc b params
cfe47fc0 b data_buf
cfe49fc0 b oob_buf
cfe4a0a8 b none_oobinfo
cfe4a1f8 A _end
